http_interactions:
- request:
    method: get
    uri: https://eutils.ncbi.nlm.nih.gov/entrez/eutils/esearch.fcgi?db=taxonomy&term=Bombus%20AND%20genus%5BRank%5D&api_key=<<entrez_api_token>>
    body:
      encoding: ''
      string: ''
    headers:
      Accept-Encoding: gzip, deflate
      Accept: application/json, text/xml, application/xml, */*
      User-Agent: r-curl/4.3 crul/1.0.0 rOpenSci(taxize/0.9.97.95)
      X-USER-AGENT: r-curl/4.3 crul/1.0.0 rOpenSci(taxize/0.9.97.95)
  response:
    status:
      status_code: '200'
      message: OK
      explanation: Request fulfilled, document follows
    headers:
      status: HTTP/1.1 200 OK
      date: Wed, 16 Sep 2020 18:07:14 GMT
      server: Finatra
      strict-transport-security: max-age=31536000; includeSubDomains; preload
      content-security-policy: upgrade-insecure-requests
      x-ratelimit-remaining: '8'
      ncbi-phid: D0BD6B87A4E45FE5000030D13F0B8693.1.1.m_1
      cache-control: private
      ncbi-sid: A4AF864ABC338A9E_C8C1SID
      content-encoding: gzip
      x-ratelimit-limit: '10'
      access-control-allow-origin: '*'
      content-type: text/xml; charset=UTF-8
      set-cookie: ncbi_sid=A4AF864ABC338A9E_C8C1SID; domain=.nih.gov; path=/; expires=Thu,
        16 Sep 2021 18:07:15 GMT
      x-ua-compatible: IE=Edge
      x-xss-protection: 1; mode=block
      transfer-encoding: chunked
    body:
      encoding: UTF-8
      file: no
      string: |
        <?xml version="1.0" encoding="UTF-8" ?>
        <!DOCTYPE eSearchResult PUBLIC "-//NLM//DTD esearch 20060628//EN" "https://eutils.ncbi.nlm.nih.gov/eutils/dtd/20060628/esearch.dtd">
        <eSearchResult><Count>1</Count><RetMax>1</RetMax><RetStart>0</RetStart><IdList>
        <Id>28641</Id>
        </IdList><TranslationSet/><TranslationStack>   <TermSet>    <Term>Bombus[All Names]</Term>    <Field>All Names</Field>    <Count>2</Count>    <Explode>N</Explode>   </TermSet>   <TermSet>    <Term>genus[Rank]</Term>    <Field>Rank</Field>    <Count>95392</Count>    <Explode>N</Explode>   </TermSet>   <OP>AND</OP>  </TranslationStack><QueryTranslation>Bombus[All Names] AND genus[Rank]</QueryTranslation></eSearchResult>
  recorded_at: 2020-09-16 18:07:16 GMT
  recorded_with: vcr/0.5.4, webmockr/0.6.2
- request:
    method: get
    uri: https://eutils.ncbi.nlm.nih.gov/entrez/eutils/esummary.fcgi?db=taxonomy&ID=28641&api_key=<<entrez_api_token>>
    body:
      encoding: ''
      string: ''
    headers:
      Accept-Encoding: gzip, deflate
      Accept: application/json, text/xml, application/xml, */*
      User-Agent: r-curl/4.3 crul/1.0.0 rOpenSci(taxize/0.9.97.95)
      X-USER-AGENT: r-curl/4.3 crul/1.0.0 rOpenSci(taxize/0.9.97.95)
  response:
    status:
      status_code: '200'
      message: OK
      explanation: Request fulfilled, document follows
    headers:
      status: HTTP/1.1 200 OK
      date: Wed, 16 Sep 2020 18:07:15 GMT
      server: Finatra
      strict-transport-security: max-age=31536000; includeSubDomains; preload
      content-security-policy: upgrade-insecure-requests
      x-ratelimit-remaining: '8'
      ncbi-phid: 939B5FAD2C30BAE5000035D9CB74537F.1.1.m_1
      cache-control: private
      ncbi-sid: EEC3125F7D70F7CE_33BBSID
      content-encoding: gzip
      x-ratelimit-limit: '10'
      access-control-allow-origin: '*'
      content-type: text/xml; charset=UTF-8
      set-cookie: ncbi_sid=EEC3125F7D70F7CE_33BBSID; domain=.nih.gov; path=/; expires=Thu,
        16 Sep 2021 18:07:15 GMT
      x-ua-compatible: IE=Edge
      x-xss-protection: 1; mode=block
      transfer-encoding: chunked
    body:
      encoding: UTF-8
      file: no
      string: "<?xml version=\"1.0\" encoding=\"UTF-8\" ?>\n<!DOCTYPE eSummaryResult
        PUBLIC \"-//NLM//DTD esummary v1 20041029//EN\" \"https://eutils.ncbi.nlm.nih.gov/eutils/dtd/20041029/esummary-v1.dtd\">\n<eSummaryResult>\n<DocSum>\n\t<Id>28641</Id>\n\t<Item
        Name=\"Status\" Type=\"String\">active</Item>\n\t<Item Name=\"Rank\" Type=\"String\">genus</Item>\n\t<Item
        Name=\"Division\" Type=\"String\">bees</Item>\n\t<Item Name=\"ScientificName\"
        Type=\"String\">Bombus</Item>\n\t<Item Name=\"CommonName\" Type=\"String\">bumble
        bees</Item>\n\t<Item Name=\"TaxId\" Type=\"Integer\">28641</Item>\n\t<Item
        Name=\"AkaTaxId\" Type=\"Integer\">0</Item>\n\t<Item Name=\"Genus\" Type=\"String\"></Item>\n\t<Item
        Name=\"Species\" Type=\"String\"></Item>\n\t<Item Name=\"Subsp\" Type=\"String\"></Item>\n\t<Item
        Name=\"ModificationDate\" Type=\"Date\">2020/02/19 00:00</Item>\n</DocSum>\n\n</eSummaryResult>\n"
  recorded_at: 2020-09-16 18:07:16 GMT
  recorded_with: vcr/0.5.4, webmockr/0.6.2
- request:
    method: get
    uri: https://eutils.ncbi.nlm.nih.gov/entrez/eutils/esearch.fcgi?db=taxonomy&term=Bombus%20AND%20subgenus%5BRank%5D&api_key=<<entrez_api_token>>
    body:
      encoding: ''
      string: ''
    headers:
      Accept-Encoding: gzip, deflate
      Accept: application/json, text/xml, application/xml, */*
      User-Agent: r-curl/4.3 crul/1.0.0 rOpenSci(taxize/0.9.97.95)
      X-USER-AGENT: r-curl/4.3 crul/1.0.0 rOpenSci(taxize/0.9.97.95)
  response:
    status:
      status_code: '200'
      message: OK
      explanation: Request fulfilled, document follows
    headers:
      status: HTTP/1.1 200 OK
      date: Wed, 16 Sep 2020 18:07:15 GMT
      server: Finatra
      strict-transport-security: max-age=31536000; includeSubDomains; preload
      content-security-policy: upgrade-insecure-requests
      x-ratelimit-remaining: '7'
      ncbi-phid: 939B5FAD2C30BAE5000050D9CC34CE10.1.1.m_1
      cache-control: private
      ncbi-sid: 726D68A2199706A8_8DC0SID
      content-encoding: gzip
      x-ratelimit-limit: '10'
      access-control-allow-origin: '*'
      content-type: text/xml; charset=UTF-8
      set-cookie: ncbi_sid=726D68A2199706A8_8DC0SID; domain=.nih.gov; path=/; expires=Thu,
        16 Sep 2021 18:07:16 GMT
      x-ua-compatible: IE=Edge
      x-xss-protection: 1; mode=block
      transfer-encoding: chunked
    body:
      encoding: UTF-8
      file: no
      string: |
        <?xml version="1.0" encoding="UTF-8" ?>
        <!DOCTYPE eSearchResult PUBLIC "-//NLM//DTD esearch 20060628//EN" "https://eutils.ncbi.nlm.nih.gov/eutils/dtd/20060628/esearch.dtd">
        <eSearchResult><Count>1</Count><RetMax>1</RetMax><RetStart>0</RetStart><IdList>
        <Id>144708</Id>
        </IdList><TranslationSet/><TranslationStack>   <TermSet>    <Term>Bombus[All Names]</Term>    <Field>All Names</Field>    <Count>2</Count>    <Explode>N</Explode>   </TermSet>   <TermSet>    <Term>subgenus[Rank]</Term>    <Field>Rank</Field>    <Count>1596</Count>    <Explode>N</Explode>   </TermSet>   <OP>AND</OP>  </TranslationStack><QueryTranslation>Bombus[All Names] AND subgenus[Rank]</QueryTranslation></eSearchResult>
  recorded_at: 2020-09-16 18:07:16 GMT
  recorded_with: vcr/0.5.4, webmockr/0.6.2
- request:
    method: get
    uri: https://eutils.ncbi.nlm.nih.gov/entrez/eutils/esummary.fcgi?db=taxonomy&ID=144708&api_key=<<entrez_api_token>>
    body:
      encoding: ''
      string: ''
    headers:
      Accept-Encoding: gzip, deflate
      Accept: application/json, text/xml, application/xml, */*
      User-Agent: r-curl/4.3 crul/1.0.0 rOpenSci(taxize/0.9.97.95)
      X-USER-AGENT: r-curl/4.3 crul/1.0.0 rOpenSci(taxize/0.9.97.95)
  response:
    status:
      status_code: '200'
      message: OK
      explanation: Request fulfilled, document follows
    headers:
      status: HTTP/1.1 200 OK
      date: Wed, 16 Sep 2020 18:07:15 GMT
      server: Finatra
      strict-transport-security: max-age=31536000; includeSubDomains; preload
      content-security-policy: upgrade-insecure-requests
      x-ratelimit-remaining: '7'
      ncbi-phid: 939B5FAD2C30BAE500003AD9CCEF29B6.1.1.m_1
      cache-control: private
      ncbi-sid: 365156BFECCC3D0D_AF2DSID
      content-encoding: gzip
      x-ratelimit-limit: '10'
      access-control-allow-origin: '*'
      content-type: text/xml; charset=UTF-8
      set-cookie: ncbi_sid=365156BFECCC3D0D_AF2DSID; domain=.nih.gov; path=/; expires=Thu,
        16 Sep 2021 18:07:16 GMT
      x-ua-compatible: IE=Edge
      x-xss-protection: 1; mode=block
      transfer-encoding: chunked
    body:
      encoding: UTF-8
      file: no
      string: "<?xml version=\"1.0\" encoding=\"UTF-8\" ?>\n<!DOCTYPE eSummaryResult
        PUBLIC \"-//NLM//DTD esummary v1 20041029//EN\" \"https://eutils.ncbi.nlm.nih.gov/eutils/dtd/20041029/esummary-v1.dtd\">\n<eSummaryResult>\n<DocSum>\n\t<Id>144708</Id>\n\t<Item
        Name=\"Status\" Type=\"String\">active</Item>\n\t<Item Name=\"Rank\" Type=\"String\">subgenus</Item>\n\t<Item
        Name=\"Division\" Type=\"String\">bees</Item>\n\t<Item Name=\"ScientificName\"
        Type=\"String\">Bombus</Item>\n\t<Item Name=\"CommonName\" Type=\"String\"></Item>\n\t<Item
        Name=\"TaxId\" Type=\"Integer\">144708</Item>\n\t<Item Name=\"AkaTaxId\" Type=\"Integer\">0</Item>\n\t<Item
        Name=\"Genus\" Type=\"String\"></Item>\n\t<Item Name=\"Species\" Type=\"String\"></Item>\n\t<Item
        Name=\"Subsp\" Type=\"String\"></Item>\n\t<Item Name=\"ModificationDate\"
        Type=\"Date\">2020/02/19 00:00</Item>\n</DocSum>\n\n</eSummaryResult>\n"
  recorded_at: 2020-09-16 18:07:16 GMT
  recorded_with: vcr/0.5.4, webmockr/0.6.2
